<?xml version="1.0" encoding="utf-8"?>
<!-- THIS FILE IS GENERATED BY protoc-gen-opcua -->
<opc:ModelDesign xmlns:xsi="http://www.w3.org/2001/XMLSchema-instance" xmlns:xsd="http://www.w3.org/2001/XMLSchema" xmlns:opc="http://opcfoundation.org/UA/ModelDesign.xsd" xmlns:ua="http://opcfoundation.org/UA/" xmlns:uax="http://opcfoundation.org/UA/2008/02/Types.xsd" xmlns="ProtocGenOpcua" TargetNamespace="ProtocGenOpcua">
  <opc:Namespaces>
    <opc:Namespace Name="OpcUa" Prefix="Opc.Ua" XmlNamespace="http://opcfoundation.org/UA/2008/02/Types.xsd">http://opcfoundation.org/UA/</opc:Namespace>
    <opc:Namespace Name="ProtocGenOpcua" Prefix="ProtocGenOpcua">ProtocGenOpcua</opc:Namespace>
  </opc:Namespaces>
  <!-- services -->
  <opc:Object SymbolicName="MyService" TypeDefinition="MyServiceObjectType">
    <opc:References>
      <opc:Reference IsInverse="true">
        <opc:ReferenceType>ua:Organizes</opc:ReferenceType>
        <opc:TargetId>ua:ObjectsFolder</opc:TargetId>
      </opc:Reference>
    </opc:References>
  </opc:Object>
  <opc:ObjectType SymbolicName="MyServiceObjectType" BaseType="ua:BaseObjectType">
    <opc:Children>
      <opc:Method SymbolicName="Write" TypeDefinition="WriteMethod" />
      <opc:Method SymbolicName="Read" TypeDefinition="ReadMethod" />
    </opc:Children>
  </opc:ObjectType>
  <opc:Method SymbolicName="WriteMethod">
    <opc:InputArguments>
      <opc:Argument Name="MyMessage" DataType="MyMessageDataType" />
    </opc:InputArguments>
    <opc:OutputArguments></opc:OutputArguments>
  </opc:Method>
  <opc:Method SymbolicName="ReadMethod">
    <opc:InputArguments></opc:InputArguments>
    <opc:OutputArguments>
      <opc:Argument Name="MyMessage" DataType="MyMessageDataType" />
    </opc:OutputArguments>
  </opc:Method>
  <!-- messages -->
  <opc:DataType SymbolicName="MyMessageDataType" BaseType="ua:Structure">
    <opc:Fields>
      <opc:Field Name="MessageTag" DataType="ua:String" />
      <opc:Field Name="MessageContent" DataType="NestedContentDataType" />
      <opc:Field Name="RegisteredTime" DataType="ua:DateTime" />
    </opc:Fields>
  </opc:DataType>
  <opc:DataType SymbolicName="NestedContentDataType" BaseType="ua:Structure">
    <opc:Fields>
      <opc:Field Name="Content2" DataType="NestedContent2DataType" />
      <opc:Field Name="NestedEnum" DataType="NestedEnumDataType" />
      <opc:Field Name="MyEnum" DataType="MyEnumDataType" />
    </opc:Fields>
  </opc:DataType>
  <opc:DataType SymbolicName="NestedContent2DataType" BaseType="ua:Structure">
    <opc:Fields>
      <opc:Field Name="RepeatedField" DataType="ua:String" ValueRank="Array" />
      <opc:Field Name="OneofValue1" DataType="ua:Int32" />
      <opc:Field Name="OneofValue2" DataType="ua:Int32" />
    </opc:Fields>
  </opc:DataType>
  <!-- enums -->
  <opc:DataType SymbolicName="MyEnumDataType" BaseType="ua:Enumeration">
    <opc:Fields>
      <opc:Field Name="FirstIsZero" Identifier="0" />
      <opc:Field Name="SecondIsOne" Identifier="1" />
    </opc:Fields>
  </opc:DataType>
  <opc:DataType SymbolicName="NestedEnumDataType" BaseType="ua:Enumeration">
    <opc:Fields>
      <opc:Field Name="FirstIsZero" Identifier="0" />
      <opc:Field Name="SecondIsOne" Identifier="1" />
    </opc:Fields>
  </opc:DataType>
</opc:ModelDesign>